../Core/Src/main.c:152:20:process_block	8	static
../Core/Src/main.c:177:5:main	16	static
../Core/Src/main.c:324:6:SystemClock_Config	120	static
../Core/Src/main.c:383:13:MX_DAC1_Init	48	static
../Core/Src/main.c:434:13:MX_I2C1_Init	8	static
../Core/Src/main.c:482:13:MX_I2S2_Init	8	static
../Core/Src/main.c:518:13:MX_TIM2_Init	40	static
../Core/Src/main.c:563:13:MX_TIM6_Init	24	static
../Core/Src/main.c:601:13:MX_USART3_UART_Init	8	static
../Core/Src/main.c:647:13:MX_DMA_Init	16	static
../Core/Src/main.c:674:13:MX_GPIO_Init	48	static
../Core/Src/main.c:709:6:Error_Handler	4	static,ignoring_inline_asm
