../Core/Src/main.c:150:20:process_block	8	static
../Core/Src/main.c:175:5:main	16	static
../Core/Src/main.c:319:6:SystemClock_Config	120	static
../Core/Src/main.c:378:13:MX_DAC1_Init	48	static
../Core/Src/main.c:429:13:MX_I2C1_Init	8	static
../Core/Src/main.c:477:13:MX_I2S2_Init	8	static
../Core/Src/main.c:513:13:MX_TIM2_Init	40	static
../Core/Src/main.c:558:13:MX_TIM6_Init	24	static
../Core/Src/main.c:596:13:MX_USART3_UART_Init	8	static
../Core/Src/main.c:642:13:MX_DMA_Init	16	static
../Core/Src/main.c:669:13:MX_GPIO_Init	48	static
../Core/Src/main.c:704:6:Error_Handler	4	static,ignoring_inline_asm
