Archive member included to satisfy reference by file (symbol)

C:/ST/STM32CubeIDE_1.13.2/STM32CubeIDE/plugins/com.st.stm32cube.ide.mcu.externaltools.gnu-tools-for-stm32.11.3.rel1.win32_1.1.1.202309131626/tools/bin/../lib/gcc/arm-none-eabi/11.3.1/../../../../arm-none-eabi/lib/thumb/v7e-m+fp/hard\libc_nano.a(libc_a-exit.o)
                              C:/ST/STM32CubeIDE_1.13.2/STM32CubeIDE/plugins/com.st.stm32cube.ide.mcu.externaltools.gnu-tools-for-stm32.11.3.rel1.win32_1.1.1.202309131626/tools/bin/../lib/gcc/arm-none-eabi/11.3.1/../../../../arm-none-eabi/lib/thumb/v7e-m+fp/hard/crt0.o (exit)
C:/ST/STM32CubeIDE_1.13.2/STM32CubeIDE/plugins/com.st.stm32cube.ide.mcu.externaltools.gnu-tools-for-stm32.11.3.rel1.win32_1.1.1.202309131626/tools/bin/../lib/gcc/arm-none-eabi/11.3.1/../../../../arm-none-eabi/lib/thumb/v7e-m+fp/hard\libc_nano.a(libc_a-findfp.o)
                              C:/ST/STM32CubeIDE_1.13.2/STM32CubeIDE/plugins/com.st.stm32cube.ide.mcu.externaltools.gnu-tools-for-stm32.11.3.rel1.win32_1.1.1.202309131626/tools/bin/../lib/gcc/arm-none-eabi/11.3.1/../../../../arm-none-eabi/lib/thumb/v7e-m+fp/hard\libc_nano.a(libc_a-exit.o) (__stdio_exit_handler)
C:/ST/STM32CubeIDE_1.13.2/STM32CubeIDE/plugins/com.st.stm32cube.ide.mcu.externaltools.gnu-tools-for-stm32.11.3.rel1.win32_1.1.1.202309131626/tools/bin/../lib/gcc/arm-none-eabi/11.3.1/../../../../arm-none-eabi/lib/thumb/v7e-m+fp/hard\libc_nano.a(libc_a-fwalk.o)
                              C:/ST/STM32CubeIDE_1.13.2/STM32CubeIDE/plugins/com.st.stm32cube.ide.mcu.externaltools.gnu-tools-for-stm32.11.3.rel1.win32_1.1.1.202309131626/tools/bin/../lib/gcc/arm-none-eabi/11.3.1/../../../../arm-none-eabi/lib/thumb/v7e-m+fp/hard\libc_nano.a(libc_a-findfp.o) (_fwalk_sglue)
C:/ST/STM32CubeIDE_1.13.2/STM32CubeIDE/plugins/com.st.stm32cube.ide.mcu.externaltools.gnu-tools-for-stm32.11.3.rel1.win32_1.1.1.202309131626/tools/bin/../lib/gcc/arm-none-eabi/11.3.1/../../../../arm-none-eabi/lib/thumb/v7e-m+fp/hard\libc_nano.a(libc_a-stdio.o)
                              C:/ST/STM32CubeIDE_1.13.2/STM32CubeIDE/plugins/com.st.stm32cube.ide.mcu.externaltools.gnu-tools-for-stm32.11.3.rel1.win32_1.1.1.202309131626/tools/bin/../lib/gcc/arm-none-eabi/11.3.1/../../../../arm-none-eabi/lib/thumb/v7e-m+fp/hard\libc_nano.a(libc_a-findfp.o) (__sread)
C:/ST/STM32CubeIDE_1.13.2/STM32CubeIDE/plugins/com.st.stm32cube.ide.mcu.externaltools.gnu-tools-for-stm32.11.3.rel1.win32_1.1.1.202309131626/tools/bin/../lib/gcc/arm-none-eabi/11.3.1/../../../../arm-none-eabi/lib/thumb/v7e-m+fp/hard\libc_nano.a(libc_a-memset.o)
                              C:/ST/STM32CubeIDE_1.13.2/STM32CubeIDE/plugins/com.st.stm32cube.ide.mcu.externaltools.gnu-tools-for-stm32.11.3.rel1.win32_1.1.1.202309131626/tools/bin/../lib/gcc/arm-none-eabi/11.3.1/../../../../arm-none-eabi/lib/thumb/v7e-m+fp/hard/crt0.o (memset)
C:/ST/STM32CubeIDE_1.13.2/STM32CubeIDE/plugins/com.st.stm32cube.ide.mcu.externaltools.gnu-tools-for-stm32.11.3.rel1.win32_1.1.1.202309131626/tools/bin/../lib/gcc/arm-none-eabi/11.3.1/../../../../arm-none-eabi/lib/thumb/v7e-m+fp/hard\libc_nano.a(libc_a-closer.o)
                              C:/ST/STM32CubeIDE_1.13.2/STM32CubeIDE/plugins/com.st.stm32cube.ide.mcu.externaltools.gnu-tools-for-stm32.11.3.rel1.win32_1.1.1.202309131626/tools/bin/../lib/gcc/arm-none-eabi/11.3.1/../../../../arm-none-eabi/lib/thumb/v7e-m+fp/hard\libc_nano.a(libc_a-stdio.o) (_close_r)
C:/ST/STM32CubeIDE_1.13.2/STM32CubeIDE/plugins/com.st.stm32cube.ide.mcu.externaltools.gnu-tools-for-stm32.11.3.rel1.win32_1.1.1.202309131626/tools/bin/../lib/gcc/arm-none-eabi/11.3.1/../../../../arm-none-eabi/lib/thumb/v7e-m+fp/hard\libc_nano.a(libc_a-reent.o)
                              C:/ST/STM32CubeIDE_1.13.2/STM32CubeIDE/plugins/com.st.stm32cube.ide.mcu.externaltools.gnu-tools-for-stm32.11.3.rel1.win32_1.1.1.202309131626/tools/bin/../lib/gcc/arm-none-eabi/11.3.1/../../../../arm-none-eabi/lib/thumb/v7e-m+fp/hard\libc_nano.a(libc_a-closer.o) (errno)
C:/ST/STM32CubeIDE_1.13.2/STM32CubeIDE/plugins/com.st.stm32cube.ide.mcu.externaltools.gnu-tools-for-stm32.11.3.rel1.win32_1.1.1.202309131626/tools/bin/../lib/gcc/arm-none-eabi/11.3.1/../../../../arm-none-eabi/lib/thumb/v7e-m+fp/hard\libc_nano.a(libc_a-impure.o)
                              C:/ST/STM32CubeIDE_1.13.2/STM32CubeIDE/plugins/com.st.stm32cube.ide.mcu.externaltools.gnu-tools-for-stm32.11.3.rel1.win32_1.1.1.202309131626/tools/bin/../lib/gcc/arm-none-eabi/11.3.1/../../../../arm-none-eabi/lib/thumb/v7e-m+fp/hard\libc_nano.a(libc_a-reent.o) (_impure_ptr)
C:/ST/STM32CubeIDE_1.13.2/STM32CubeIDE/plugins/com.st.stm32cube.ide.mcu.externaltools.gnu-tools-for-stm32.11.3.rel1.win32_1.1.1.202309131626/tools/bin/../lib/gcc/arm-none-eabi/11.3.1/../../../../arm-none-eabi/lib/thumb/v7e-m+fp/hard\libc_nano.a(libc_a-lseekr.o)
[...]
Memory Configuration

Name             Origin             Length             Attributes
FLASH            0x0000000008100000 0x0000000000100000 xr
RAM              0x0000000010000000 0x0000000000048000 xrw
*default*        0x0000000000000000 0xffffffffffffffff

Linker script and memory map

LOAD C:/ST/STM32CubeIDE_1.13.2/STM32CubeIDE/plugins/com.st.stm32cube.ide.mcu.externaltools.gnu-tools-for-stm32.11.3.rel1.win32_1.1.1.202309131626/tools/bin/../lib/gcc/arm-none-eabi/11.3.1/thumb/v7e-m+fp/hard/crti.o
LOAD C:/ST/STM32CubeIDE_1.13.2/STM32CubeIDE/plugins/com.st.stm32cube.ide.mcu.externaltools.gnu-tools-for-stm32.11.3.rel1.win32_1.1.1.202309131626/tools/bin/../lib/gcc/arm-none-eabi/11.3.1/thumb/v7e-m+fp/hard/crtbegin.o
LOAD C:/ST/STM32CubeIDE_1.13.2/STM32CubeIDE/plugins/com.st.stm32cube.ide.mcu.externaltools.gnu-tools-for-stm32.11.3.rel1.win32_1.1.1.202309131626/tools/bin/../lib/gcc/arm-none-eabi/11.3.1/../../../../arm-none-eabi/lib/thumb/v7e-m+fp/hard/crt0.o
LOAD ./Common/Src/system_stm32h7xx_dualcore_boot_cm4_cm7.o
LOAD ./Core/Src/main.o
LOAD ./Core/Src/stm32h7xx_hal_msp.o
LOAD ./Core/Src/stm32h7xx_it.o
LOAD ./Core/Src/syscalls.o
LOAD ./Core/Src/sysmem.o
LOAD ./Core/Startup/startup_stm32h755zitx.o
LOAD ./Drivers/STM32H7xx_HAL_Driver/stm32h7xx_hal.o
LOAD ./Drivers/STM32H7xx_HAL_Driver/stm32h7xx_hal_cortex.o
LOAD ./Drivers/STM32H7xx_HAL_Driver/stm32h7xx_hal_dma.o
LOAD ./Drivers/STM32H7xx_HAL_Driver/stm32h7xx_hal_dma_ex.o
LOAD ./Drivers/STM32H7xx_HAL_Driver/stm32h7xx_hal_exti.o
LOAD ./Drivers/STM32H7xx_HAL_Driver/stm32h7xx_hal_flash.o
LOAD ./Drivers/STM32H7xx_HAL_Driver/stm32h7xx_hal_flash_ex.o
LOAD ./Drivers/STM32H7xx_HAL_Driver/stm32h7xx_hal_gpio.o
LOAD ./Drivers/STM32H7xx_HAL_Driver/stm32h7xx_hal_hsem.o
LOAD ./Drivers/STM32H7xx_HAL_Driver/stm32h7xx_hal_i2c.o
LOAD ./Drivers/STM32H7xx_HAL_Driver/stm32h7xx_hal_i2c_ex.o
LOAD ./Drivers/STM32H7xx_HAL_Driver/stm32h7xx_hal_i2s.o
LOAD ./Drivers/STM32H7xx_HAL_Driver/stm32h7xx_hal_i2s_ex.o
LOAD ./Drivers/STM32H7xx_HAL_Driver/stm32h7xx_hal_mdma.o
LOAD ./Drivers/STM32H7xx_HAL_Driver/stm32h7xx_hal_pwr.o
LOAD ./Drivers/STM32H7xx_HAL_Driver/stm32h7xx_hal_pwr_ex.o
LOAD ./Drivers/STM32H7xx_HAL_Driver/stm32h7xx_hal_rcc.o
LOAD ./Drivers/STM32H7xx_HAL_Driver/stm32h7xx_hal_rcc_ex.o
LOAD ./Drivers/STM32H7xx_HAL_Driver/stm32h7xx_hal_tim.o
LOAD ./Drivers/STM32H7xx_HAL_Driver/stm32h7xx_hal_tim_ex.o
START GROUP
LOAD C:/ST/STM32CubeIDE_1.13.2/STM32CubeIDE/plugins/com.st.stm32cube.ide.mcu.externaltools.gnu-tools-for-stm32.11.3.rel1.win32_1.1.1.202309131626/tools/bin/../lib/gcc/arm-none-eabi/11.3.1/../../../../arm-none-eabi/lib/thumb/v7e-m+fp/hard\libc_nano.a
LOAD C:/ST/STM32CubeIDE_1.13.2/STM32CubeIDE/plugins/com.st.stm32cube.ide.mcu.externaltools.gnu-tools-for-stm32.11.3.rel1.win32_1.1.1.202309131626/tools/bin/../lib/gcc/arm-none-eabi/11.3.1/../../../../arm-none-eabi/lib/thumb/v7e-m+fp/hard\libm.a
END GROUP
START GROUP
LOAD C:/ST/STM32CubeIDE_1.13.2/STM32CubeIDE/plugins/com.st.stm32cube.ide.mcu.externaltools.gnu-tools-for-stm32.11.3.rel1.win32_1.1.1.202309131626/tools/bin/../lib/gcc/arm-none-eabi/11.3.1/thumb/v7e-m+fp/hard\libgcc.a
LOAD C:/ST/STM32CubeIDE_1.13.2/STM32CubeIDE/plugins/com.st.stm32cube.ide.mcu.externaltools.gnu-tools-for-stm32.11.3.rel1.win32_1.1.1.202309131626/tools/bin/../lib/gcc/arm-none-eabi/11.3.1/../../../../arm-none-eabi/lib/thumb/v7e-m+fp/hard\libc_nano.a
END GROUP
START GROUP
LOAD C:/ST/STM32CubeIDE_1.13.2/STM32CubeIDE/plugins/com.st.stm32cube.ide.mcu.externaltools.gnu-tools-for-stm32.11.3.rel1.win32_1.1.1.202309131626/tools/bin/../lib/gcc/arm-none-eabi/11.3.1/thumb/v7e-m+fp/hard\libgcc.a
LOAD C:/ST/STM32CubeIDE_1.13.2/STM32CubeIDE/plugins/com.st.stm32cube.ide.mcu.externaltools.gnu-tools-for-stm32.11.3.rel1.win32_1.1.1.202309131626/tools/bin/../lib/gcc/arm-none-eabi/11.3.1/../../../../arm-none-eabi/lib/thumb/v7e-m+fp/hard\libc_nano.a
LOAD C:/ST/STM32CubeIDE_1.13.2/STM32CubeIDE/plugins/com.st.stm32cube.ide.mcu.externaltools.gnu-tools-for-stm32.11.3.rel1.win32_1.1.1.202309131626/tools/bin/../lib/gcc/arm-none-eabi/11.3.1/../../../../arm-none-eabi/lib/thumb/v7e-m+fp/hard\libnosys.a
END GROUP
START GROUP
LOAD C:/ST/STM32CubeIDE_1.13.2/STM32CubeIDE/plugins/com.st.stm32cube.ide.mcu.externaltools.gnu-tools-for-stm32.11.3.rel1.win32_1.1.1.202309131626/tools/bin/../lib/gcc/arm-none-eabi/11.3.1/thumb/v7e-m+fp/hard\libgcc.a
LOAD C:/ST/STM32CubeIDE_1.13.2/STM32CubeIDE/plugins/com.st.stm32cube.ide.mcu.externaltools.gnu-tools-for-stm32.11.3.rel1.win32_1.1.1.202309131626/tools/bin/../lib/gcc/arm-none-eabi/11.3.1/../../../../arm-none-eabi/lib/thumb/v7e-m+fp/hard\libc_nano.a
LOAD C:/ST/STM32CubeIDE_1.13.2/STM32CubeIDE/plugins/com.st.stm32cube.ide.mcu.externaltools.gnu-tools-for-stm32.11.3.rel1.win32_1.1.1.202309131626/tools/bin/../lib/gcc/arm-none-eabi/11.3.1/../../../../arm-none-eabi/lib/thumb/v7e-m+fp/hard\libnosys.a
END GROUP
LOAD C:/ST/STM32CubeIDE_1.13.2/STM32CubeIDE/plugins/com.st.stm32cube.ide.mcu.externaltools.gnu-tools-for-stm32.11.3.rel1.win32_1.1.1.202309131626/tools/bin/../lib/gcc/arm-none-eabi/11.3.1/thumb/v7e-m+fp/hard/crtend.o
LOAD C:/ST/STM32CubeIDE_1.13.2/STM32CubeIDE/plugins/com.st.stm32cube.ide.mcu.externaltools.gnu-tools-for-stm32.11.3.rel1.win32_1.1.1.202309131626/tools/bin/../lib/gcc/arm-none-eabi/11.3.1/thumb/v7e-m+fp/hard/crtn.o
                0x0000000010048000                _estack = (ORIGIN (RAM) + LENGTH (RAM))
                0x0000000000000400                _Min_Heap_Size = 0x400
                0x0000000000000400                _Min_Stack_Size = 0x400

.isr_vector     0x0000000008100000      0x298
                0x0000000008100000                . = ALIGN (0x4)
 *(.isr_vector)
 .isr_vector    0x0000000008100000      0x298 ./Core/Startup/startup_stm32h755zitx.o
                0x0000000008100000                g_pfnVectors
                0x0000000008100298                . = ALIGN (0x4)

.text           0x0000000008100298      0x990
                0x0000000008100298                . = ALIGN (0x4)
 *(.text)
 .text          0x0000000008100298       0x40 C:/ST/STM32CubeIDE_1.13.2/STM32CubeIDE/plugins/com.st.stm32cube.ide.mcu.externaltools.gnu-tools-for-stm32.11.3.rel1.win32_1.1.1.202309131626/tools/bin/../lib/gcc/arm-none-eabi/11.3.1/thumb/v7e-m+fp/hard/crtbegin.o
 *(.text*)
 .text.SystemInit
                0x00000000081002d8       0x30 ./Common/Src/system_stm32h7xx_dualcore_boot_cm4_cm7.o
                0x00000000081002d8                SystemInit
 .text.main     0x0000000008100308       0x7c ./Core/Src/main.o
                0x0000000008100308                main
 .text.HAL_MspInit
                0x0000000008100384       0x34 ./Core/Src/stm32h7xx_hal_msp.o
                0x0000000008100384                HAL_MspInit
 .text.NMI_Handler
                0x00000000081003b8        0x6 ./Core/Src/stm32h7xx_it.o
                0x00000000081003b8                NMI_Handler
 .text.HardFault_Handler
                0x00000000081003be        0x6 ./Core/Src/stm32h7xx_it.o
                0x00000000081003be                HardFault_Handler
 .text.MemManage_Handler
                0x00000000081003c4        0x6 ./Core/Src/stm32h7xx_it.o
                0x00000000081003c4                MemManage_Handler
 .text.BusFault_Handler
                0x00000000081003ca        0x6 ./Core/Src/stm32h7xx_it.o
                0x00000000081003ca                BusFault_Handler
 .text.UsageFault_Handler
                0x00000000081003d0        0x6 ./Core/Src/stm32h7xx_it.o
                0x00000000081003d0                UsageFault_Handler
 .text.SVC_Handler
                0x00000000081003d6        0xe ./Core/Src/stm32h7xx_it.o
                0x00000000081003d6                SVC_Handler
 .text.DebugMon_Handler
                0x00000000081003e4        0xe ./Core/Src/stm32h7xx_it.o
                0x00000000081003e4                DebugMon_Handler
 .text.PendSV_Handler
                0x00000000081003f2        0xe ./Core/Src/stm32h7xx_it.o
                0x00000000081003f2                PendSV_Handler
 .text.SysTick_Handler
                0x0000000008100400        0xc ./Core/Src/stm32h7xx_it.o
                0x0000000008100400                SysTick_Handler
 .text.Reset_Handler
                0x000000000810040c       0x50 ./Core/Startup/startup_stm32h755zitx.o
                0x000000000810040c                Reset_Handler
 .text.Default_Handler
                0x000000000810045c        0x2 ./Core/Startup/startup_stm32h755zitx.o
                0x000000000810045c                RTC_Alarm_IRQHandler
                0x000000000810045c                HASH_RNG_IRQHandler
                0x000000000810045c                EXTI2_IRQHandler
                0x000000000810045c                TIM8_CC_IRQHandler
                0x000000000810045c                HRTIM1_Master_IRQHandler
                0x000000000810045c                UART8_IRQHandler
                0x000000000810045c                SPI4_IRQHandler
                0x000000000810045c                TIM1_CC_IRQHandler
                0x000000000810045c                BDMA_Channel6_IRQHandler
                0x000000000810045c                DMA2_Stream5_IRQHandler
                0x000000000810045c                HRTIM1_FLT_IRQHandler
                0x000000000810045c                JPEG_IRQHandler
                0x000000000810045c                DMA1_Stream5_IRQHandler
                0x000000000810045c                BDMA_Channel1_IRQHandler
                0x000000000810045c                HRTIM1_TIMD_IRQHandler
                0x000000000810045c                TAMP_STAMP_IRQHandler
                0x000000000810045c                EXTI3_IRQHandler
                0x000000000810045c                LPTIM4_IRQHandler
                0x000000000810045c                TIM8_TRG_COM_TIM14_IRQHandler
                0x000000000810045c                LPTIM2_IRQHandler
                0x000000000810045c                DFSDM1_FLT1_IRQHandler
                0x000000000810045c                DMAMUX2_OVR_IRQHandler
                0x000000000810045c                TIM8_UP_TIM13_IRQHandler
                0x000000000810045c                I2C3_ER_IRQHandler
                0x000000000810045c                DFSDM1_FLT2_IRQHandler
                0x000000000810045c                MDMA_IRQHandler
                0x000000000810045c                LPTIM3_IRQHandler
                0x000000000810045c                HSEM1_IRQHandler
                0x000000000810045c                EXTI0_IRQHandler
                0x000000000810045c                I2C2_EV_IRQHandler
                0x000000000810045c                DMA1_Stream2_IRQHandler
                0x000000000810045c                FPU_IRQHandler
                0x000000000810045c                OTG_HS_WKUP_IRQHandler
                0x000000000810045c                FDCAN1_IT1_IRQHandler
                0x000000000810045c                LTDC_ER_IRQHandler
                0x000000000810045c                DMA2_Stream2_IRQHandler
                0x000000000810045c                HRTIM1_TIME_IRQHandler
                0x000000000810045c                SPI1_IRQHandler
                0x000000000810045c                TIM6_DAC_IRQHandler
                0x000000000810045c                DCMI_IRQHandler
                0x000000000810045c                HRTIM1_TIMC_IRQHandler
                0x000000000810045c                DMA2_Stream3_IRQHandler
                0x000000000810045c                SAI2_IRQHandler
                0x000000000810045c                DFSDM1_FLT3_IRQHandler
                0x000000000810045c                USART6_IRQHandler
                0x000000000810045c                TIM17_IRQHandler
                0x000000000810045c                USART3_IRQHandler
                0x000000000810045c                BDMA_Channel7_IRQHandler
                0x000000000810045c                CRYP_IRQHandler
                0x000000000810045c                LPTIM5_IRQHandler
                0x000000000810045c                UART5_IRQHandler
                0x000000000810045c                ADC3_IRQHandler
                0x000000000810045c                DMA2_Stream0_IRQHandler
                0x000000000810045c                TIM4_IRQHandler
                0x000000000810045c                BDMA_Channel2_IRQHandler
                0x000000000810045c                QUADSPI_IRQHandler
                0x000000000810045c                I2C1_EV_IRQHandler
                0x000000000810045c                DMA1_Stream6_IRQHandler
                0x000000000810045c                DMAMUX1_OVR_IRQHandler
                0x000000000810045c                DMA1_Stream1_IRQHandler
                0x000000000810045c                TIM16_IRQHandler
                0x000000000810045c                UART4_IRQHandler
                0x000000000810045c                BDMA_Channel5_IRQHandler
                0x000000000810045c                TIM3_IRQHandler
                0x000000000810045c                RCC_IRQHandler
                0x000000000810045c                TIM8_BRK_TIM12_IRQHandler
                0x000000000810045c                TIM1_TRG_COM_IRQHandler
                0x000000000810045c                Default_Handler
                0x000000000810045c                ECC_IRQHandler
                0x000000000810045c                CEC_IRQHandler
                0x000000000810045c                EXTI15_10_IRQHandler
                0x000000000810045c                BDMA_Channel0_IRQHandler
                0x000000000810045c                ADC_IRQHandler
                0x000000000810045c                DMA1_Stream7_IRQHandler
                0x000000000810045c                HRTIM1_TIMA_IRQHandler
                0x000000000810045c                SPI5_IRQHandler
                0x000000000810045c                TIM7_IRQHandler
                0x000000000810045c                SDMMC1_IRQHandler
                0x000000000810045c                TIM5_IRQHandler
                0x000000000810045c                DMA2_Stream7_IRQHandler
                0x000000000810045c                TIM15_IRQHandler
                0x000000000810045c                PVD_AVD_IRQHandler
                0x000000000810045c                I2C3_EV_IRQHandler
                0x000000000810045c                EXTI9_5_IRQHandler
                0x000000000810045c                RTC_WKUP_IRQHandler
                0x000000000810045c                LTDC_IRQHandler
                0x000000000810045c                SAI3_IRQHandler
                0x000000000810045c                ETH_WKUP_IRQHandler
                0x000000000810045c                SPDIF_RX_IRQHandler
                0x000000000810045c                SPI2_IRQHandler
                0x000000000810045c                OTG_HS_EP1_IN_IRQHandler
                0x000000000810045c                DMA1_Stream0_IRQHandler
                0x000000000810045c                CRS_IRQHandler
                0x000000000810045c                CM7_SEV_IRQHandler
                0x000000000810045c                EXTI4_IRQHandler
                0x000000000810045c                CM4_SEV_IRQHandler
                0x000000000810045c                HRTIM1_TIMB_IRQHandler
                0x000000000810045c                FDCAN2_IT1_IRQHandler
                0x000000000810045c                ETH_IRQHandler
                0x000000000810045c                TIM1_UP_IRQHandler
                0x000000000810045c                WWDG_RST_IRQHandler
                0x000000000810045c                BDMA_Channel4_IRQHandler
                0x000000000810045c                OTG_HS_EP1_OUT_IRQHandler
                0x000000000810045c                WWDG_IRQHandler
                0x000000000810045c                SPI6_IRQHandler
                0x000000000810045c                MDIOS_IRQHandler
                0x000000000810045c                I2C4_EV_IRQHandler
                0x000000000810045c                FDCAN2_IT0_IRQHandler
                0x000000000810045c                LPUART1_IRQHandler
                0x000000000810045c                FDCAN1_IT0_IRQHandler
                0x000000000810045c                TIM2_IRQHandler
                0x000000000810045c                OTG_FS_WKUP_IRQHandler
                0x000000000810045c                OTG_HS_IRQHandler
                0x000000000810045c                HSEM2_IRQHandler
                0x000000000810045c                DMA2D_IRQHandler
                0x000000000810045c                TIM1_BRK_IRQHandler
                0x000000000810045c                EXTI1_IRQHandler
                0x000000000810045c                SDMMC2_IRQHandler
                0x000000000810045c                OTG_FS_EP1_OUT_IRQHandler
                0x000000000810045c                BDMA_Channel3_IRQHandler
                0x000000000810045c                HOLD_CORE_IRQHandler
                0x000000000810045c                UART7_IRQHandler
                0x000000000810045c                MDIOS_WKUP_IRQHandler
                0x000000000810045c                USART2_IRQHandler
                0x000000000810045c                DFSDM1_FLT0_IRQHandler
                0x000000000810045c                SAI4_IRQHandler
                0x000000000810045c                I2C2_ER_IRQHandler
                0x000000000810045c                DMA2_Stream1_IRQHandler
                0x000000000810045c                FLASH_IRQHandler
                0x000000000810045c                DMA2_Stream4_IRQHandler
                0x000000000810045c                USART1_IRQHandler
                0x000000000810045c                OTG_FS_IRQHandler
                0x000000000810045c                SPI3_IRQHandler
                0x000000000810045c                WAKEUP_PIN_IRQHandler
                0x000000000810045c                DMA1_Stream4_IRQHandler
                0x000000000810045c                OTG_FS_EP1_IN_IRQHandler
                0x000000000810045c                I2C1_ER_IRQHandler
                0x000000000810045c                FMC_IRQHandler
                0x000000000810045c                FDCAN_CAL_IRQHandler
                0x000000000810045c                SWPMI1_IRQHandler
                0x000000000810045c                COMP1_IRQHandler
                0x000000000810045c                LPTIM1_IRQHandler
                0x000000000810045c                I2C4_ER_IRQHandler
                0x000000000810045c                DMA2_Stream6_IRQHandler
                0x000000000810045c                SAI1_IRQHandler
                0x000000000810045c                DMA1_Stream3_IRQHandler
 *fill*         0x000000000810045e        0x2 
 .text.HAL_Init
                0x0000000008100460       0xbc ./Drivers/STM32H7xx_HAL_Driver/stm32h7xx_hal.o
                0x0000000008100460                HAL_Init
 .text.HAL_InitTick
                0x000000000810051c       0x6c ./Drivers/STM32H7xx_HAL_Driver/stm32h7xx_hal.o
                0x000000000810051c                HAL_InitTick
 .text.HAL_IncTick
                0x0000000008100588       0x28 ./Drivers/STM32H7xx_HAL_Driver/stm32h7xx_hal.o
                0x0000000008100588                HAL_IncTick
 .text.__NVIC_SetPriorityGrouping
                0x00000000081005b0       0x48 ./Drivers/STM32H7xx_HAL_Driver/stm32h7xx_hal_cortex.o
 .text.__NVIC_GetPriorityGrouping
                0x00000000081005f8       0x1c ./Drivers/STM32H7xx_HAL_Driver/stm32h7xx_hal_cortex.o
 .text.__NVIC_SetPriority
                0x0000000008100614       0x54 ./Drivers/STM32H7xx_HAL_Driver/stm32h7xx_hal_cortex.o
 .text.NVIC_EncodePriority
                0x0000000008100668       0x66 ./Drivers/STM32H7xx_HAL_Driver/stm32h7xx_hal_cortex.o
 *fill*         0x00000000081006ce        0x2 
 .text.SysTick_Config
                0x00000000081006d0       0x44 ./Drivers/STM32H7xx_HAL_Driver/stm32h7xx_hal_cortex.o
 .text.HAL_NVIC_SetPriorityGrouping
                0x0000000008100714       0x16 ./Drivers/STM32H7xx_HAL_Driver/stm32h7xx_hal_cortex.o
                0x0000000008100714                HAL_NVIC_SetPriorityGrouping
 .text.HAL_NVIC_SetPriority
                0x000000000810072a       0x34 ./Drivers/STM32H7xx_HAL_Driver/stm32h7xx_hal_cortex.o
                0x000000000810072a                HAL_NVIC_SetPriority
 .text.HAL_SYSTICK_Config
                0x000000000810075e       0x18 ./Drivers/STM32H7xx_HAL_Driver/stm32h7xx_hal_cortex.o
                0x000000000810075e                HAL_SYSTICK_Config
 *fill*         0x0000000008100776        0x2 
 .text.HAL_GetCurrentCPUID
                0x0000000008100778       0x28 ./Drivers/STM32H7xx_HAL_Driver/stm32h7xx_hal_cortex.o
                0x0000000008100778                HAL_GetCurrentCPUID
 .text.HAL_HSEM_ActivateNotification
                0x00000000081007a0       0x24 ./Drivers/STM32H7xx_HAL_Driver/stm32h7xx_hal_hsem.o
                0x00000000081007a0                HAL_HSEM_ActivateNotification
 .text.HAL_PWREx_EnterSTOPMode
                0x00000000081007c4       0xf4 ./Drivers/STM32H7xx_HAL_Driver/stm32h7xx_hal_pwr_ex.o
                0x00000000081007c4                HAL_PWREx_EnterSTOPMode
 .text.HAL_PWREx_ClearPendingEvent
                0x00000000081008b8       0x1a ./Drivers/STM32H7xx_HAL_Driver/stm32h7xx_hal_pwr_ex.o
                0x00000000081008b8                HAL_PWREx_ClearPendingEvent
 *fill*         0x00000000081008d2        0x2 
 .text.HAL_RCC_GetSysClockFreq
                0x00000000081008d4      0x2f4 ./Drivers/STM32H7xx_HAL_Driver/stm32h7xx_hal_rcc.o
                0x00000000081008d4                HAL_RCC_GetSysClockFreq
 .text.__libc_init_array
                0x0000000008100bc8       0x48 C:/ST/STM32CubeIDE_1.13.2/STM32CubeIDE/plugins/com.st.stm32cube.ide.mcu.externaltools.gnu-tools-for-stm32.11.3.rel1.win32_1.1.1.202309131626/tools/bin/../lib/gcc/arm-none-eabi/11.3.1/../../../../arm-none-eabi/lib/thumb/v7e-m+fp/hard\libc_nano.a(libc_a-init.o)
                0x0000000008100bc8                __libc_init_array
 *(.glue_7)
 .glue_7        0x0000000008100c10        0x0 linker stubs
 *(.glue_7t)
 .glue_7t       0x0000000008100c10        0x0 linker stubs
 *(.eh_frame)
 .eh_frame      0x0000000008100c10        0x0 C:/ST/STM32CubeIDE_1.13.2/STM32CubeIDE/plugins/com.st.stm32cube.ide.mcu.externaltools.gnu-tools-for-stm32.11.3.rel1.win32_1.1.1.202309131626/tools/bin/../lib/gcc/arm-none-eabi/11.3.1/thumb/v7e-m+fp/hard/crtbegin.o
 *(.init)
 .init          0x0000000008100c10        0x4 C:/ST/STM32CubeIDE_1.13.2/STM32CubeIDE/plugins/com.st.stm32cube.ide.mcu.externaltools.gnu-tools-for-stm32.11.3.rel1.win32_1.1.1.202309131626/tools/bin/../lib/gcc/arm-none-eabi/11.3.1/thumb/v7e-m+fp/hard/crti.o
                0x0000000008100c10                _init
 .init          0x0000000008100c14        0x8 C:/ST/STM32CubeIDE_1.13.2/STM32CubeIDE/plugins/com.st.stm32cube.ide.mcu.externaltools.gnu-tools-for-stm32.11.3.rel1.win32_1.1.1.202309131626/tools/bin/../lib/gcc/arm-none-eabi/11.3.1/thumb/v7e-m+fp/hard/crtn.o
 *(.fini)
 .fini          0x0000000008100c1c        0x4 C:/ST/STM32CubeIDE_1.13.2/STM32CubeIDE/plugins/com.st.stm32cube.ide.mcu.externaltools.gnu-tools-for-stm32.11.3.rel1.win32_1.1.1.202309131626/tools/bin/../lib/gcc/arm-none-eabi/11.3.1/thumb/v7e-m+fp/hard/crti.o
                0x0000000008100c1c                _fini
 .fini          0x0000000008100c20        0x8 C:/ST/STM32CubeIDE_1.13.2/STM32CubeIDE/plugins/com.st.stm32cube.ide.mcu.externaltools.gnu-tools-for-stm32.11.3.rel1.win32_1.1.1.202309131626/tools/bin/../lib/gcc/arm-none-eabi/11.3.1/thumb/v7e-m+fp/hard/crtn.o
                0x0000000008100c28                . = ALIGN (0x4)
                0x0000000008100c28                _etext = .

.vfp11_veneer   0x0000000008100c28        0x0
 .vfp11_veneer  0x0000000008100c28        0x0 linker stubs

.v4_bx          0x0000000008100c28        0x0
 .v4_bx         0x0000000008100c28        0x0 linker stubs

.iplt           0x0000000008100c28        0x0
 .iplt          0x0000000008100c28        0x0 C:/ST/STM32CubeIDE_1.13.2/STM32CubeIDE/plugins/com.st.stm32cube.ide.mcu.externaltools.gnu-tools-for-stm32.11.3.rel1.win32_1.1.1.202309131626/tools/bin/../lib/gcc/arm-none-eabi/11.3.1/thumb/v7e-m+fp/hard/crtbegin.o

.rodata         0x0000000008100c28       0x10
                0x0000000008100c28                . = ALIGN (0x4)
 *(.rodata)
 *(.rodata*)
 .rodata.D1CorePrescTable
                0x0000000008100c28       0x10 ./Common/Src/system_stm32h7xx_dualcore_boot_cm4_cm7.o
                0x0000000008100c28                D1CorePrescTable
                0x0000000008100c38                . = ALIGN (0x4)

.rel.dyn        0x0000000008100c38        0x0
 .rel.iplt      0x0000000008100c38        0x0 C:/ST/STM32CubeIDE_1.13.2/STM32CubeIDE/plugins/com.st.stm32cube.ide.mcu.externaltools.gnu-tools-for-stm32.11.3.rel1.win32_1.1.1.202309131626/tools/bin/../lib/gcc/arm-none-eabi/11.3.1/thumb/v7e-m+fp/hard/crtbegin.o

.ARM.extab
 *(.ARM.extab* .gnu.linkonce.armextab.*)

.ARM            0x0000000008100c38        0x0
                0x0000000008100c38                __exidx_start = .
 *(.ARM.exidx*)
                0x0000000008100c38                __exidx_end = .

.preinit_array  0x0000000008100c38        0x0
                0x0000000008100c38                PROVIDE (__preinit_array_start = .)
 *(.preinit_array*)
                0x0000000008100c38                PROVIDE (__preinit_array_end = .)

.init_array     0x0000000008100c38        0x4
                0x0000000008100c38                PROVIDE (__init_array_start = .)
 *(SORT_BY_NAME(.init_array.*))
 *(.init_array*)
 .init_array    0x0000000008100c38        0x4 C:/ST/STM32CubeIDE_1.13.2/STM32CubeIDE/plugins/com.st.stm32cube.ide.mcu.externaltools.gnu-tools-for-stm32.11.3.rel1.win32_1.1.1.202309131626/tools/bin/../lib/gcc/arm-none-eabi/11.3.1/thumb/v7e-m+fp/hard/crtbegin.o
                0x0000000008100c3c                PROVIDE (__init_array_end = .)

.fini_array     0x0000000008100c3c        0x4
                [!provide]                        PROVIDE (__fini_array_start = .)
 *(SORT_BY_NAME(.fini_array.*))
 *(.fini_array*)
 .fini_array    0x0000000008100c3c        0x4 C:/ST/STM32CubeIDE_1.13.2/STM32CubeIDE/plugins/com.st.stm32cube.ide.mcu.externaltools.gnu-tools-for-stm32.11.3.rel1.win32_1.1.1.202309131626/tools/bin/../lib/gcc/arm-none-eabi/11.3.1/thumb/v7e-m+fp/hard/crtbegin.o
                [!provide]                        PROVIDE (__fini_array_end = .)
                0x0000000008100c40                _sidata = LOADADDR (.data)

.data           0x0000000010000000       0x10 load address 0x0000000008100c40
                0x0000000010000000                . = ALIGN (0x4)
                0x0000000010000000                _sdata = .
 *(.data)
 *(.data*)
 .data.SystemCoreClock
                0x0000000010000000        0x4 ./Common/Src/system_stm32h7xx_dualcore_boot_cm4_cm7.o
                0x0000000010000000                SystemCoreClock
 .data.SystemD2Clock
                0x0000000010000004        0x4 ./Common/Src/system_stm32h7xx_dualcore_boot_cm4_cm7.o
                0x0000000010000004                SystemD2Clock
 .data.uwTickPrio
                0x0000000010000008        0x4 ./Drivers/STM32H7xx_HAL_Driver/stm32h7xx_hal.o
                0x0000000010000008                uwTickPrio
 .data.uwTickFreq
                0x000000001000000c        0x1 ./Drivers/STM32H7xx_HAL_Driver/stm32h7xx_hal.o
                0x000000001000000c                uwTickFreq
 *(.RamFunc)
 *(.RamFunc*)
                0x0000000010000010                . = ALIGN (0x4)
 *fill*         0x000000001000000d        0x3 
                0x0000000010000010                _edata = .

.igot.plt       0x0000000010000010        0x0 load address 0x0000000008100c50
 .igot.plt      0x0000000010000010        0x0 C:/ST/STM32CubeIDE_1.13.2/STM32CubeIDE/plugins/com.st.stm32cube.ide.mcu.externaltools.gnu-tools-for-stm32.11.3.rel1.win32_1.1.1.202309131626/tools/bin/../lib/gcc/arm-none-eabi/11.3.1/thumb/v7e-m+fp/hard/crtbegin.o
                0x0000000010000010                . = ALIGN (0x4)

.bss            0x0000000010000010       0x20 load address 0x0000000008100c50
                0x0000000010000010                _sbss = .
                0x0000000010000010                __bss_start__ = _sbss
 *(.bss)
 .bss           0x0000000010000010       0x1c C:/ST/STM32CubeIDE_1.13.2/STM32CubeIDE/plugins/com.st.stm32cube.ide.mcu.externaltools.gnu-tools-for-stm32.11.3.rel1.win32_1.1.1.202309131626/tools/bin/../lib/gcc/arm-none-eabi/11.3.1/thumb/v7e-m+fp/hard/crtbegin.o
 *(.bss*)
 .bss.uwTick    0x000000001000002c        0x4 ./Drivers/STM32H7xx_HAL_Driver/stm32h7xx_hal.o
                0x000000001000002c                uwTick
 *(COMMON)
                0x0000000010000030                . = ALIGN (0x4)
                0x0000000010000030                _ebss = .
                0x0000000010000030                __bss_end__ = _ebss

._user_heap_stack
                0x0000000010000030      0x800 load address 0x0000000008100c50
                0x0000000010000030                . = ALIGN (0x8)
                [!provide]                        PROVIDE (end = .)
                0x0000000010000030                PROVIDE (_end = .)
                0x0000000010000430                . = (. + _Min_Heap_Size)
 *fill*         0x0000000010000030      0x400 
                0x0000000010000830                . = (. + _Min_Stack_Size)
 *fill*         0x0000000010000430      0x400 
                0x0000000010000830                . = ALIGN (0x8)

/DISCARD/
 libc.a(*)
 libm.a(*)
 libgcc.a(*)

.ARM.attributes
                0x0000000000000000       0x30
 *(.ARM.attributes)
 .ARM.attributes
                0x0000000000000000       0x1e C:/ST/STM32CubeIDE_1.13.2/STM32CubeIDE/plugins/com.st.stm32cube.ide.mcu.externaltools.gnu-tools-for-stm32.11.3.rel1.win32_1.1.1.202309131626/tools/bin/../lib/gcc/arm-none-eabi/11.3.1/thumb/v7e-m+fp/hard/crti.o
 .ARM.attributes
                0x000000000000001e       0x34 C:/ST/STM32CubeIDE_1.13.2/STM32CubeIDE/plugins/com.st.stm32cube.ide.mcu.externaltools.gnu-tools-for-stm32.11.3.rel1.win32_1.1.1.202309131626/tools/bin/../lib/gcc/arm-none-eabi/11.3.1/thumb/v7e-m+fp/hard/crtbegin.o
 .ARM.attributes
                0x0000000000000052       0x34 ./Common/Src/system_stm32h7xx_dualcore_boot_cm4_cm7.o
 .ARM.attributes
                0x0000000000000086       0x34 ./Core/Src/main.o
 .ARM.attributes
                0x00000000000000ba       0x34 ./Core/Src/stm32h7xx_hal_msp.o
 .ARM.attributes
                0x00000000000000ee       0x34 ./Core/Src/stm32h7xx_it.o
 .ARM.attributes
                0x0000000000000122       0x21 ./Core/Startup/startup_stm32h755zitx.o
 .ARM.attributes
                0x0000000000000143       0x34 ./Drivers/STM32H7xx_HAL_Driver/stm32h7xx_hal.o
 .ARM.attributes
                0x0000000000000177       0x34 ./Drivers/STM32H7xx_HAL_Driver/stm32h7xx_hal_cortex.o
 .ARM.attributes
                0x00000000000001ab       0x34 ./Drivers/STM32H7xx_HAL_Driver/stm32h7xx_hal_hsem.o
 .ARM.attributes
                0x00000000000001df       0x34 ./Drivers/STM32H7xx_HAL_Driver/stm32h7xx_hal_pwr_ex.o
 .ARM.attributes
                0x0000000000000213       0x34 ./Drivers/STM32H7xx_HAL_Driver/stm32h7xx_hal_rcc.o
 .ARM.attributes
                0x0000000000000247       0x34 C:/ST/STM32CubeIDE_1.13.2/STM32CubeIDE/plugins/com.st.stm32cube.ide.mcu.externaltools.gnu-tools-for-stm32.11.3.rel1.win32_1.1.1.202309131626/tools/bin/../lib/gcc/arm-none-eabi/11.3.1/../../../../arm-none-eabi/lib/thumb/v7e-m+fp/hard\libc_nano.a(libc_a-init.o)
 .ARM.attributes
                0x000000000000027b       0x1e C:/ST/STM32CubeIDE_1.13.2/STM32CubeIDE/plugins/com.st.stm32cube.ide.mcu.externaltools.gnu-tools-for-stm32.11.3.rel1.win32_1.1.1.202309131626/tools/bin/../lib/gcc/arm-none-eabi/11.3.1/thumb/v7e-m+fp/hard/crtn.o
OUTPUT(Audio Processor Firmware_CM4.elf elf32-littlearm)
LOAD linker stubs
LOAD C:/ST/STM32CubeIDE_1.13.2/STM32CubeIDE/plugins/com.st.stm32cube.ide.mcu.externaltools.gnu-tools-for-stm32.11.3.rel1.win32_1.1.1.202309131626/tools/bin/../lib/gcc/arm-none-eabi/11.3.1/../../../../arm-none-eabi/lib/thumb/v7e-m+fp/hard\libc.a
LOAD C:/ST/STM32CubeIDE_1.13.2/STM32CubeIDE/plugins/com.st.stm32cube.ide.mcu.externaltools.gnu-tools-for-stm32.11.3.rel1.win32_1.1.1.202309131626/tools/bin/../lib/gcc/arm-none-eabi/11.3.1/../../../../arm-none-eabi/lib/thumb/v7e-m+fp/hard\libm.a
LOAD C:/ST/STM32CubeIDE_1.13.2/STM32CubeIDE/plugins/com.st.stm32cube.ide.mcu.externaltools.gnu-tools-for-stm32.11.3.rel1.win32_1.1.1.202309131626/tools/bin/../lib/gcc/arm-none-eabi/11.3.1/thumb/v7e-m+fp/hard\libgcc.a

.comment        0x0000000000000000       0x43
 .comment       0x0000000000000000       0x43 C:/ST/STM32CubeIDE_1.13.2/STM32CubeIDE/plugins/com.st.stm32cube.ide.mcu.externaltools.gnu-tools-for-stm32.11.3.rel1.win32_1.1.1.202309131626/tools/bin/../lib/gcc/arm-none-eabi/11.3.1/thumb/v7e-m+fp/hard/crtbegin.o
                                         0x44 (size before relaxing)
 .comment       0x0000000000000043       0x44 ./Common/Src/system_stm32h7xx_dualcore_boot_cm4_cm7.o
 .comment       0x0000000000000043       0x44 ./Core/Src/main.o
 .comment       0x0000000000000043       0x44 ./Core/Src/stm32h7xx_hal_msp.o
 .comment       0x0000000000000043       0x44 ./Core/Src/stm32h7xx_it.o
 .comment       0x0000000000000043       0x44 ./Drivers/STM32H7xx_HAL_Driver/stm32h7xx_hal.o
 .comment       0x0000000000000043       0x44 ./Drivers/STM32H7xx_HAL_Driver/stm32h7xx_hal_cortex.o
 .comment       0x0000000000000043       0x44 ./Drivers/STM32H7xx_HAL_Driver/stm32h7xx_hal_hsem.o
 .comment       0x0000000000000043       0x44 ./Drivers/STM32H7xx_HAL_Driver/stm32h7xx_hal_pwr_ex.o
 .comment       0x0000000000000043       0x44 ./Drivers/STM32H7xx_HAL_Driver/stm32h7xx_hal_rcc.o

.debug_info     0x0000000000000000     0x7085
 .debug_info    0x0000000000000000      0x761 ./Common/Src/system_stm32h7xx_dualcore_boot_cm4_cm7.o
 .debug_info    0x0000000000000761      0xf30 ./Core/Src/main.o
 .debug_info    0x0000000000001691      0xf75 ./Core/Src/stm32h7xx_hal_msp.o
 .debug_info    0x0000000000002606      0x128 ./Core/Src/stm32h7xx_it.o
 .debug_info    0x000000000000272e       0x23 ./Core/Startup/startup_stm32h755zitx.o
 .debug_info    0x0000000000002751     0x17b6 ./Drivers/STM32H7xx_HAL_Driver/stm32h7xx_hal.o
 .debug_info    0x0000000000003f07      0xf2d ./Drivers/STM32H7xx_HAL_Driver/stm32h7xx_hal_cortex.o
 .debug_info    0x0000000000004e34      0x3d3 ./Drivers/STM32H7xx_HAL_Driver/stm32h7xx_hal_hsem.o
 .debug_info    0x0000000000005207     0x1026 ./Drivers/STM32H7xx_HAL_Driver/stm32h7xx_hal_pwr_ex.o
 .debug_info    0x000000000000622d      0xe58 ./Drivers/STM32H7xx_HAL_Driver/stm32h7xx_hal_rcc.o

.debug_abbrev   0x0000000000000000     0x132b
 .debug_abbrev  0x0000000000000000      0x138 ./Common/Src/system_stm32h7xx_dualcore_boot_cm4_cm7.o
 .debug_abbrev  0x0000000000000138      0x252 ./Core/Src/main.o
 .debug_abbrev  0x000000000000038a      0x1d5 ./Core/Src/stm32h7xx_hal_msp.o
 .debug_abbrev  0x000000000000055f       0x73 ./Core/Src/stm32h7xx_it.o
 .debug_abbrev  0x00000000000005d2       0x12 ./Core/Startup/startup_stm32h755zitx.o
 .debug_abbrev  0x00000000000005e4      0x29f ./Drivers/STM32H7xx_HAL_Driver/stm32h7xx_hal.o
 .debug_abbrev  0x0000000000000883      0x337 ./Drivers/STM32H7xx_HAL_Driver/stm32h7xx_hal_cortex.o
 .debug_abbrev  0x0000000000000bba      0x1d3 ./Drivers/STM32H7xx_HAL_Driver/stm32h7xx_hal_hsem.o
 .debug_abbrev  0x0000000000000d8d      0x2d6 ./Drivers/STM32H7xx_HAL_Driver/stm32h7xx_hal_pwr_ex.o
 .debug_abbrev  0x0000000000001063      0x2c8 ./Drivers/STM32H7xx_HAL_Driver/stm32h7xx_hal_rcc.o

.debug_aranges  0x0000000000000000      0x6b0
 .debug_aranges
                0x0000000000000000       0x28 ./Common/Src/system_stm32h7xx_dualcore_boot_cm4_cm7.o
 .debug_aranges
                0x0000000000000028       0x38 ./Core/Src/main.o
 .debug_aranges
                0x0000000000000060       0x30 ./Core/Src/stm32h7xx_hal_msp.o
 .debug_aranges
                0x0000000000000090       0x60 ./Core/Src/stm32h7xx_it.o
 .debug_aranges
                0x00000000000000f0       0x28 ./Core/Startup/startup_stm32h755zitx.o
 .debug_aranges
                0x0000000000000118      0x200 ./Drivers/STM32H7xx_HAL_Driver/stm32h7xx_hal.o
 .debug_aranges
                0x0000000000000318      0x130 ./Drivers/STM32H7xx_HAL_Driver/stm32h7xx_hal_cortex.o
 .debug_aranges
                0x0000000000000448       0x70 ./Drivers/STM32H7xx_HAL_Driver/stm32h7xx_hal_hsem.o
 .debug_aranges
                0x00000000000004b8      0x170 ./Drivers/STM32H7xx_HAL_Driver/stm32h7xx_hal_pwr_ex.o
 .debug_aranges
                0x0000000000000628       0x88 ./Drivers/STM32H7xx_HAL_Driver/stm32h7xx_hal_rcc.o

.debug_rnglists
                0x0000000000000000      0x4ea
 .debug_rnglists
                0x0000000000000000       0x1a ./Common/Src/system_stm32h7xx_dualcore_boot_cm4_cm7.o
 .debug_rnglists
                0x000000000000001a       0x25 ./Core/Src/main.o
 .debug_rnglists
                0x000000000000003f       0x20 ./Core/Src/stm32h7xx_hal_msp.o
 .debug_rnglists
                0x000000000000005f       0x43 ./Core/Src/stm32h7xx_it.o
 .debug_rnglists
                0x00000000000000a2       0x19 ./Core/Startup/startup_stm32h755zitx.o
 .debug_rnglists
                0x00000000000000bb      0x181 ./Drivers/STM32H7xx_HAL_Driver/stm32h7xx_hal.o
 .debug_rnglists
                0x000000000000023c       0xe0 ./Drivers/STM32H7xx_HAL_Driver/stm32h7xx_hal_cortex.o
 .debug_rnglists
                0x000000000000031c       0x4f ./Drivers/STM32H7xx_HAL_Driver/stm32h7xx_hal_hsem.o
 .debug_rnglists
                0x000000000000036b      0x117 ./Drivers/STM32H7xx_HAL_Driver/stm32h7xx_hal_pwr_ex.o
 .debug_rnglists
                0x0000000000000482       0x68 ./Drivers/STM32H7xx_HAL_Driver/stm32h7xx_hal_rcc.o

.debug_macro    0x0000000000000000    0x37aa0
 .debug_macro   0x0000000000000000      0x28c ./Common/Src/system_stm32h7xx_dualcore_boot_cm4_cm7.o
 .debug_macro   0x000000000000028c      0xaae ./Common/Src/system_stm32h7xx_dualcore_boot_cm4_cm7.o
 .debug_macro   0x0000000000000d3a       0x2e ./Common/Src/system_stm32h7xx_dualcore_boot_cm4_cm7.o
 .debug_macro   0x0000000000000d68       0x3b ./Common/Src/system_stm32h7xx_dualcore_boot_cm4_cm7.o
 .debug_macro   0x0000000000000da3       0x22 ./Common/Src/system_stm32h7xx_dualcore_boot_cm4_cm7.o
 .debug_macro   0x0000000000000dc5       0x8e ./Common/Src/system_stm32h7xx_dualcore_boot_cm4_cm7.o
 .debug_macro   0x0000000000000e53       0x51 ./Common/Src/system_stm32h7xx_dualcore_boot_cm4_cm7.o
 .debug_macro   0x0000000000000ea4      0x103 ./Common/Src/system_stm32h7xx_dualcore_boot_cm4_cm7.o
 .debug_macro   0x0000000000000fa7       0x6a ./Common/Src/system_stm32h7xx_dualcore_boot_cm4_cm7.o
 .debug_macro   0x0000000000001011      0x1df ./Common/Src/system_stm32h7xx_dualcore_boot_cm4_cm7.o
 .debug_macro   0x00000000000011f0       0x1c ./Common/Src/system_stm32h7xx_dualcore_boot_cm4_cm7.o
 .debug_macro   0x000000000000120c       0x22 ./Common/Src/system_stm32h7xx_dualcore_boot_cm4_cm7.o
 .debug_macro   0x000000000000122e       0xfb ./Common/Src/system_stm32h7xx_dualcore_boot_cm4_cm7.o
 .debug_macro   0x0000000000001329     0x1011 ./Common/Src/system_stm32h7xx_dualcore_boot_cm4_cm7.o
 .debug_macro   0x000000000000233a      0x11f ./Common/Src/system_stm32h7xx_dualcore_boot_cm4_cm7.o
 .debug_macro   0x0000000000002459    0x273eb ./Common/Src/system_stm32h7xx_dualcore_boot_cm4_cm7.o
 .debug_macro   0x0000000000029844       0x6d ./Common/Src/system_stm32h7xx_dualcore_boot_cm4_cm7.o
 .debug_macro   0x00000000000298b1      0x232 ./Common/Src/system_stm32h7xx_dualcore_boot_cm4_cm7.o
 .debug_macro   0x0000000000029ae3     0x3d79 ./Common/Src/system_stm32h7xx_dualcore_boot_cm4_cm7.o
 .debug_macro   0x000000000002d85c      0x174 ./Common/Src/system_stm32h7xx_dualcore_boot_cm4_cm7.o
 .debug_macro   0x000000000002d9d0       0x61 ./Common/Src/system_stm32h7xx_dualcore_boot_cm4_cm7.o
 .debug_macro   0x000000000002da31       0x2a ./Common/Src/system_stm32h7xx_dualcore_boot_cm4_cm7.o
 .debug_macro   0x000000000002da5b       0x43 ./Common/Src/system_stm32h7xx_dualcore_boot_cm4_cm7.o
 .debug_macro   0x000000000002da9e       0x34 ./Common/Src/system_stm32h7xx_dualcore_boot_cm4_cm7.o
 .debug_macro   0x000000000002dad2       0x16 ./Common/Src/system_stm32h7xx_dualcore_boot_cm4_cm7.o
 .debug_macro   0x000000000002dae8       0x43 ./Common/Src/system_stm32h7xx_dualcore_boot_cm4_cm7.o
 .debug_macro   0x000000000002db2b       0x34 ./Common/Src/system_stm32h7xx_dualcore_boot_cm4_cm7.o
 .debug_macro   0x000000000002db5f       0x10 ./Common/Src/system_stm32h7xx_dualcore_boot_cm4_cm7.o
 .debug_macro   0x000000000002db6f       0x58 ./Common/Src/system_stm32h7xx_dualcore_boot_cm4_cm7.o
 .debug_macro   0x000000000002dbc7       0x8e ./Common/Src/system_stm32h7xx_dualcore_boot_cm4_cm7.o
 .debug_macro   0x000000000002dc55       0x1c ./Common/Src/system_stm32h7xx_dualcore_boot_cm4_cm7.o
 .debug_macro   0x000000000002dc71      0x177 ./Common/Src/system_stm32h7xx_dualcore_boot_cm4_cm7.o
 .debug_macro   0x000000000002dde8      0x369 ./Common/Src/system_stm32h7xx_dualcore_boot_cm4_cm7.o
 .debug_macro   0x000000000002e151      0x19b ./Common/Src/system_stm32h7xx_dualcore_boot_cm4_cm7.o
 .debug_macro   0x000000000002e2ec       0x5d ./Common/Src/system_stm32h7xx_dualcore_boot_cm4_cm7.o
 .debug_macro   0x000000000002e349     0x3b99 ./Common/Src/system_stm32h7xx_dualcore_boot_cm4_cm7.o
 .debug_macro   0x0000000000031ee2     0x1072 ./Common/Src/system_stm32h7xx_dualcore_boot_cm4_cm7.o
 .debug_macro   0x0000000000032f54      0x154 ./Common/Src/system_stm32h7xx_dualcore_boot_cm4_cm7.o
 .debug_macro   0x00000000000330a8      0x130 ./Common/Src/system_stm32h7xx_dualcore_boot_cm4_cm7.o
 .debug_macro   0x00000000000331d8      0x3c2 ./Common/Src/system_stm32h7xx_dualcore_boot_cm4_cm7.o
 .debug_macro   0x000000000003359a       0xac ./Common/Src/system_stm32h7xx_dualcore_boot_cm4_cm7.o
 .debug_macro   0x0000000000033646      0x72d ./Common/Src/system_stm32h7xx_dualcore_boot_cm4_cm7.o
 .debug_macro   0x0000000000033d73      0x228 ./Common/Src/system_stm32h7xx_dualcore_boot_cm4_cm7.o
 .debug_macro   0x0000000000033f9b       0x66 ./Common/Src/system_stm32h7xx_dualcore_boot_cm4_cm7.o
 .debug_macro   0x0000000000034001      0x3bb ./Common/Src/system_stm32h7xx_dualcore_boot_cm4_cm7.o
 .debug_macro   0x00000000000343bc      0x407 ./Common/Src/system_stm32h7xx_dualcore_boot_cm4_cm7.o
 .debug_macro   0x00000000000347c3      0x244 ./Common/Src/system_stm32h7xx_dualcore_boot_cm4_cm7.o
 .debug_macro   0x0000000000034a07      0x3ca ./Common/Src/system_stm32h7xx_dualcore_boot_cm4_cm7.o
 .debug_macro   0x0000000000034dd1      0x4a2 ./Common/Src/system_stm32h7xx_dualcore_boot_cm4_cm7.o
 .debug_macro   0x0000000000035273       0x51 ./Common/Src/system_stm32h7xx_dualcore_boot_cm4_cm7.o
 .debug_macro   0x00000000000352c4       0x4a ./Common/Src/system_stm32h7xx_dualcore_boot_cm4_cm7.o
 .debug_macro   0x000000000003530e      0x22c ./Common/Src/system_stm32h7xx_dualcore_boot_cm4_cm7.o
 .debug_macro   0x000000000003553a       0x67 ./Common/Src/system_stm32h7xx_dualcore_boot_cm4_cm7.o
 .debug_macro   0x00000000000355a1       0xa5 ./Common/Src/system_stm32h7xx_dualcore_boot_cm4_cm7.o
 .debug_macro   0x0000000000035646      0x264 ./Common/Src/system_stm32h7xx_dualcore_boot_cm4_cm7.o
 .debug_macro   0x00000000000358aa      0x218 ./Common/Src/system_stm32h7xx_dualcore_boot_cm4_cm7.o
 .debug_macro   0x0000000000035ac2      0x2ea ./Common/Src/system_stm32h7xx_dualcore_boot_cm4_cm7.o
 .debug_macro   0x0000000000035dac       0x35 ./Common/Src/system_stm32h7xx_dualcore_boot_cm4_cm7.o
 .debug_macro   0x0000000000035de1      0x798 ./Common/Src/system_stm32h7xx_dualcore_boot_cm4_cm7.o
 .debug_macro   0x0000000000036579      0x29c ./Core/Src/main.o
 .debug_macro   0x0000000000036815      0x296 ./Core/Src/stm32h7xx_hal_msp.o
 .debug_macro   0x0000000000036aab      0x2a0 ./Core/Src/stm32h7xx_it.o
 .debug_macro   0x0000000000036d4b      0x2b6 ./Drivers/STM32H7xx_HAL_Driver/stm32h7xx_hal.o
 .debug_macro   0x0000000000037001      0x28c ./Drivers/STM32H7xx_HAL_Driver/stm32h7xx_hal_cortex.o
 .debug_macro   0x000000000003728d      0x29e ./Drivers/STM32H7xx_HAL_Driver/stm32h7xx_hal_hsem.o
 .debug_macro   0x000000000003752b      0x2c5 ./Drivers/STM32H7xx_HAL_Driver/stm32h7xx_hal_pwr_ex.o
 .debug_macro   0x00000000000377f0      0x2b0 ./Drivers/STM32H7xx_HAL_Driver/stm32h7xx_hal_rcc.o

.debug_line     0x0000000000000000     0x73e3
 .debug_line    0x0000000000000000      0xa12 ./Common/Src/system_stm32h7xx_dualcore_boot_cm4_cm7.o
 .debug_line    0x0000000000000a12      0x921 ./Core/Src/main.o
 .debug_line    0x0000000000001333      0x931 ./Core/Src/stm32h7xx_hal_msp.o
 .debug_line    0x0000000000001c64      0x95c ./Core/Src/stm32h7xx_it.o
 .debug_line    0x00000000000025c0       0x7a ./Core/Startup/startup_stm32h755zitx.o
 .debug_line    0x000000000000263a      0xfd0 ./Drivers/STM32H7xx_HAL_Driver/stm32h7xx_hal.o
 .debug_line    0x000000000000360a      0xeb1 ./Drivers/STM32H7xx_HAL_Driver/stm32h7xx_hal_cortex.o
 .debug_line    0x00000000000044bb      0xa33 ./Drivers/STM32H7xx_HAL_Driver/stm32h7xx_hal_hsem.o
 .debug_line    0x0000000000004eee     0x10b4 ./Drivers/STM32H7xx_HAL_Driver/stm32h7xx_hal_pwr_ex.o
 .debug_line    0x0000000000005fa2     0x1441 ./Drivers/STM32H7xx_HAL_Driver/stm32h7xx_hal_rcc.o

.debug_str      0x0000000000000000   0x172740
 .debug_str     0x0000000000000000   0x16f6f9 ./Common/Src/system_stm32h7xx_dualcore_boot_cm4_cm7.o
                                     0x16fb41 (size before relaxing)
 .debug_str     0x000000000016f6f9      0x6e4 ./Core/Src/main.o
                                     0x170176 (size before relaxing)
 .debug_str     0x000000000016fddd      0x3b1 ./Core/Src/stm32h7xx_hal_msp.o
                                     0x17040b (size before relaxing)
 .debug_str     0x000000000017018e       0xc9 ./Core/Src/stm32h7xx_it.o
                                     0x16f869 (size before relaxing)
 .debug_str     0x0000000000170257       0x34 ./Core/Startup/startup_stm32h755zitx.o
                                         0x69 (size before relaxing)
 .debug_str     0x000000000017028b     0x12c1 ./Drivers/STM32H7xx_HAL_Driver/stm32h7xx_hal.o
                                     0x170eb7 (size before relaxing)
 .debug_str     0x000000000017154c      0x3ba ./Drivers/STM32H7xx_HAL_Driver/stm32h7xx_hal_cortex.o
                                     0x17063d (size before relaxing)
 .debug_str     0x0000000000171906      0x1cd ./Drivers/STM32H7xx_HAL_Driver/stm32h7xx_hal_hsem.o
                                     0x16fa21 (size before relaxing)
 .debug_str     0x0000000000171ad3      0x6cc ./Drivers/STM32H7xx_HAL_Driver/stm32h7xx_hal_pwr_ex.o
                                     0x1701ec (size before relaxing)
 .debug_str     0x000000000017219f      0x5a1 ./Drivers/STM32H7xx_HAL_Driver/stm32h7xx_hal_rcc.o
                                     0x170117 (size before relaxing)

.debug_frame    0x0000000000000000     0x1988
 .debug_frame   0x0000000000000000       0x58 ./Common/Src/system_stm32h7xx_dualcore_boot_cm4_cm7.o
 .debug_frame   0x0000000000000058       0x8c ./Core/Src/main.o
 .debug_frame   0x00000000000000e4       0x84 ./Core/Src/stm32h7xx_hal_msp.o
 .debug_frame   0x0000000000000168      0x104 ./Core/Src/stm32h7xx_it.o
 .debug_frame   0x000000000000026c      0x848 ./Drivers/STM32H7xx_HAL_Driver/stm32h7xx_hal.o
 .debug_frame   0x0000000000000ab4      0x508 ./Drivers/STM32H7xx_HAL_Driver/stm32h7xx_hal_cortex.o
 .debug_frame   0x0000000000000fbc      0x1bc ./Drivers/STM32H7xx_HAL_Driver/stm32h7xx_hal_hsem.o
 .debug_frame   0x0000000000001178      0x5ec ./Drivers/STM32H7xx_HAL_Driver/stm32h7xx_hal_pwr_ex.o
 .debug_frame   0x0000000000001764      0x1f8 ./Drivers/STM32H7xx_HAL_Driver/stm32h7xx_hal_rcc.o
 .debug_frame   0x000000000000195c       0x2c C:/ST/STM32CubeIDE_1.13.2/STM32CubeIDE/plugins/com.st.stm32cube.ide.mcu.externaltools.gnu-tools-for-stm32.11.3.rel1.win32_1.1.1.202309131626/tools/bin/../lib/gcc/arm-none-eabi/11.3.1/../../../../arm-none-eabi/lib/thumb/v7e-m+fp/hard\libc_nano.a(libc_a-init.o)

.debug_line_str
                0x0000000000000000       0x5d
 .debug_line_str
                0x0000000000000000       0x5d ./Core/Startup/startup_stm32h755zitx.o
                                         0x75 (size before relaxing)
