C:/Projects/STM32/STM32H7-Audio-DSP-Firmware/Middlewares/ST/STM32_USB_Device_Library/Class/AUDIO/Src/usbd_audio.c:362:16:USBD_AUDIO_Init	24	static
C:/Projects/STM32/STM32H7-Audio-DSP-Firmware/Middlewares/ST/STM32_USB_Device_Library/Class/AUDIO/Src/usbd_audio.c:430:16:USBD_AUDIO_DeInit	16	static
C:/Projects/STM32/STM32H7-Audio-DSP-Firmware/Middlewares/ST/STM32_USB_Device_Library/Class/AUDIO/Src/usbd_audio.c:463:16:USBD_AUDIO_Setup	32	static
C:/Projects/STM32/STM32H7-Audio-DSP-Firmware/Middlewares/ST/STM32_USB_Device_Library/Class/AUDIO/Src/usbd_audio.c:589:17:USBD_AUDIO_GetCfgDesc	16	static
C:/Projects/STM32/STM32H7-Audio-DSP-Firmware/Middlewares/ST/STM32_USB_Device_Library/Class/AUDIO/Src/usbd_audio.c:603:16:USBD_AUDIO_DataIn	16	static
C:/Projects/STM32/STM32H7-Audio-DSP-Firmware/Middlewares/ST/STM32_USB_Device_Library/Class/AUDIO/Src/usbd_audio.c:618:16:USBD_AUDIO_EP0_RxReady	24	static
C:/Projects/STM32/STM32H7-Audio-DSP-Firmware/Middlewares/ST/STM32_USB_Device_Library/Class/AUDIO/Src/usbd_audio.c:648:16:USBD_AUDIO_EP0_TxReady	16	static
C:/Projects/STM32/STM32H7-Audio-DSP-Firmware/Middlewares/ST/STM32_USB_Device_Library/Class/AUDIO/Src/usbd_audio.c:661:16:USBD_AUDIO_SOF	16	static
C:/Projects/STM32/STM32H7-Audio-DSP-Firmware/Middlewares/ST/STM32_USB_Device_Library/Class/AUDIO/Src/usbd_audio.c:675:6:USBD_AUDIO_Sync	24	static
C:/Projects/STM32/STM32H7-Audio-DSP-Firmware/Middlewares/ST/STM32_USB_Device_Library/Class/AUDIO/Src/usbd_audio.c:744:16:USBD_AUDIO_IsoINIncomplete	16	static
C:/Projects/STM32/STM32H7-Audio-DSP-Firmware/Middlewares/ST/STM32_USB_Device_Library/Class/AUDIO/Src/usbd_audio.c:758:16:USBD_AUDIO_IsoOutIncomplete	24	static
C:/Projects/STM32/STM32H7-Audio-DSP-Firmware/Middlewares/ST/STM32_USB_Device_Library/Class/AUDIO/Src/usbd_audio.c:783:16:USBD_AUDIO_DataOut	24	static
C:/Projects/STM32/STM32H7-Audio-DSP-Firmware/Middlewares/ST/STM32_USB_Device_Library/Class/AUDIO/Src/usbd_audio.c:850:13:AUDIO_REQ_GetCurrent	24	static
C:/Projects/STM32/STM32H7-Audio-DSP-Firmware/Middlewares/ST/STM32_USB_Device_Library/Class/AUDIO/Src/usbd_audio.c:874:13:AUDIO_REQ_SetCurrent	24	static
C:/Projects/STM32/STM32H7-Audio-DSP-Firmware/Middlewares/ST/STM32_USB_Device_Library/Class/AUDIO/Src/usbd_audio.c:902:17:USBD_AUDIO_GetDeviceQualifierDesc	16	static
C:/Projects/STM32/STM32H7-Audio-DSP-Firmware/Middlewares/ST/STM32_USB_Device_Library/Class/AUDIO/Src/usbd_audio.c:915:9:USBD_AUDIO_RegisterInterface	16	static
C:/Projects/STM32/STM32H7-Audio-DSP-Firmware/Middlewares/ST/STM32_USB_Device_Library/Class/AUDIO/Src/usbd_audio.c:958:14:USBD_AUDIO_GetAudioHeaderDesc	32	static
